<?xml version="1.0" encoding="utf-8"?><testsuites name="pytest tests"><testsuite name="pytest" errors="0" failures="0" skipped="0" tests="538" time="17.646" timestamp="2026-08-15T05:27:10.674011+10:00" hostname="MacBookPro.lan"><properties><property name="hypothesis-statistics-tests/test_burden.py::test_expected_population_product_is_nonnegative_and_bounded" value="dGVzdHMvdGVzdF9idXJkZW4ucHk6OnRlc3RfZXhwZWN0ZWRfcG9wdWxhdGlvbl9wcm9kdWN0X2lzX25vbm5lZ2F0aXZlX2FuZF9ib3VuZGVkOgoKICAtIGR1cmluZyBnZW5lcmF0ZSBwaGFzZSAoMC4wNSBzZWNvbmRzKToKICAgIC0gVHlwaWNhbCBydW50aW1lczogPCAxbXMsIG9mIHdoaWNoIDwgMW1zIGluIGRhdGEgZ2VuZXJhdGlvbgogICAgLSAxMDAgcGFzc2luZyBleGFtcGxlcywgMCBmYWlsaW5nIGV4YW1wbGVzLCAwIGludmFsaWQgZXhhbXBsZXMKCiAgLSBTdG9wcGVkIGJlY2F1c2Ugc2V0dGluZ3MubWF4X2V4YW1wbGVzPTEwMA==" /><property name="hypothesis-statistics-tests/test_burden_numerical_assurance.py::test_expected_population_property_is_bounded" value="dGVzdHMvdGVzdF9idXJkZW5fbnVtZXJpY2FsX2Fzc3VyYW5jZS5weTo6dGVzdF9leHBlY3RlZF9wb3B1bGF0aW9uX3Byb3BlcnR5X2lzX2JvdW5kZWQ6CgogIC0gZHVyaW5nIGdlbmVyYXRlIHBoYXNlICgwLjA0IHNlY29uZHMpOgogICAgLSBUeXBpY2FsIHJ1bnRpbWVzOiA8IDFtcywgb2Ygd2hpY2ggPCAxbXMgaW4gZGF0YSBnZW5lcmF0aW9uCiAgICAtIDEwMCBwYXNzaW5nIGV4YW1wbGVzLCAwIGZhaWxpbmcgZXhhbXBsZXMsIDAgaW52YWxpZCBleGFtcGxlcwoKICAtIFN0b3BwZWQgYmVjYXVzZSBzZXR0aW5ncy5tYXhfZXhhbXBsZXM9MTAw" /></properties><testcase classname="tests.test_acquisition" name="test_network_access_requires_explicit_opt_in" time="0.003" /><testcase classname="tests.test_acquisition" name="test_pinned_download_is_atomic_and_manifested" time="0.539" /><testcase classname="tests.test_acquisition" name="test_checksum_failure_preserves_existing_destination" time="0.514" /><testcase classname="tests.test_acquisition" name="test_unpinned_candidate_requires_explicit_policy" time="0.510" /><testcase classname="tests.test_acquisition" name="test_download_size_limit_fails_without_committing_file" time="0.512" /><testcase classname="tests.test_acquisition_security" name="test_download_policy_rejects_unsafe_values[kwargs0]" time="0.000" /><testcase classname="tests.test_acquisition_security" name="test_download_policy_rejects_unsafe_values[kwargs1]" time="0.000" /><testcase classname="tests.test_acquisition_security" name="test_download_policy_rejects_unsafe_values[kwargs2]" time="0.000" /><testcase classname="tests.test_acquisition_security" name="test_download_policy_rejects_unsafe_values[kwargs3]" time="0.000" /><testcase classname="tests.test_acquisition_security" name="test_download_policy_rejects_unsafe_values[kwargs4]" time="0.000" /><testcase classname="tests.test_acquisition_security" name="test_download_policy_rejects_unsafe_values[kwargs5]" time="0.000" /><testcase classname="tests.test_acquisition_security" name="test_redact_url_preserves_nonsecret_fields_and_redacts_credentials" time="0.000" /><testcase classname="tests.test_acquisition_security" name="test_download_rejects_invalid_expected_digest[]" time="0.001" /><testcase classname="tests.test_acquisition_security" name="test_download_rejects_invalid_expected_digest[000000000000000000000000000000000000000000000000000000000000000]" time="0.001" /><testcase classname="tests.test_acquisition_security" name="test_download_rejects_invalid_expected_digest[gggggggggggggggggggggggggggggggggggggggggggggggggggggggggggggggg]" time="0.000" /><testcase classname="tests.test_acquisition_security" name="test_download_rejects_invalid_expected_digest[00000000000000000000000000000000000000000000000000000000000000000]" time="0.000" /><testcase classname="tests.test_acquisition_security" name="test_url_policy_rejects_scheme_credentials_and_unlisted_host" time="0.000" /><testcase classname="tests.test_acquisition_security" name="test_url_policy_validates_dns_and_public_addresses" time="0.000" /><testcase classname="tests.test_acquisition_security" name="test_content_type_and_retry_delay_fallbacks" time="0.000" /><testcase classname="tests.test_acquisition_security" name="test_stream_response_rejects_symlinks_empty_and_oversize" time="0.002" /><testcase classname="tests.test_acquisition_security" name="test_download_once_rejects_bad_responses[500-headers0-Unexpected HTTP status]" time="0.001" /><testcase classname="tests.test_acquisition_security" name="test_download_once_rejects_bad_responses[200-headers1-invalid Content-Length]" time="0.001" /><testcase classname="tests.test_acquisition_security" name="test_download_once_rejects_bad_responses[200-headers2-negative Content-Length]" time="0.001" /><testcase classname="tests.test_acquisition_security" name="test_download_once_rejects_bad_responses[200-headers3-exceeds limit]" time="0.001" /><testcase classname="tests.test_acquisition_security" name="test_download_once_rejects_bad_responses[200-headers4-Unexpected media type]" time="0.001" /><testcase classname="tests.test_acquisition_security" name="test_download_once_returns_headers_and_artifact" time="0.001" /><testcase classname="tests.test_acquisition_security" name="test_download_retries_transient_http_then_succeeds" time="0.001" /><testcase classname="tests.test_acquisition_security" name="test_download_retries_url_errors_and_reports_final_failure" time="0.001" /><testcase classname="tests.test_acquisition_security" name="test_download_does_not_retry_nontransient_http" time="0.000" /><testcase classname="tests.test_acquisition_security" name="test_checksum_mismatch_removes_temporary_file" time="0.001" /><testcase classname="tests.test_acquisition_security" name="test_download_rejects_existing_symlink_and_missing_host" time="0.001" /><testcase classname="tests.test_acquisition_security" name="test_acquisition_wrappers_write_and_validate_manifests" time="0.004" /><testcase classname="tests.test_adapter_edges" name="test_population_contract_and_age_label_variants" time="0.003" /><testcase classname="tests.test_adapter_edges" name="test_population_rejects_invalid_rows[AUS,Australia,not-a-year,all,0,4,0-4,1-Invalid population row]" time="0.001" /><testcase classname="tests.test_adapter_edges" name="test_population_rejects_invalid_rows[AUS,Australia,1800,all,0,4,0-4,1-Invalid year]" time="0.001" /><testcase classname="tests.test_adapter_edges" name="test_population_rejects_invalid_rows[,Australia,2023,all,0,4,0-4,1-Missing geography]" time="0.001" /><testcase classname="tests.test_adapter_edges" name="test_population_rejects_invalid_rows[AUS,Australia,2023,invalid,0,4,0-4,1-Unsupported sex]" time="0.002" /><testcase classname="tests.test_adapter_edges" name="test_population_rejects_invalid_rows[AUS,Australia,2023,all,bad,4,0-4,1-Invalid age_start]" time="0.001" /><testcase classname="tests.test_adapter_edges" name="test_population_rejects_invalid_rows[AUS,Australia,2023,all,-1,4,0-4,1-Negative age_start]" time="0.001" /><testcase classname="tests.test_adapter_edges" name="test_population_rejects_invalid_rows[AUS,Australia,2023,all,5,4,5-4,1-age_start exceeds]" time="0.001" /><testcase classname="tests.test_adapter_edges" name="test_population_rejects_invalid_rows[AUS,Australia,2023,all,0,4,,1-Missing age label]" time="0.001" /><testcase classname="tests.test_adapter_edges" name="test_population_rejects_invalid_rows[AUS,Australia,2023,all,0,4,0-4,-1-Negative population]" time="0.001" /><testcase classname="tests.test_adapter_edges" name="test_population_rejects_invalid_contracts_and_empty_files" time="0.001" /><testcase classname="tests.test_adapter_edges" name="test_who_rejects_invalid_rows[AUS,Australia,no,all,I,Name,deaths,count,people,1-Invalid WHO row]" time="0.001" /><testcase classname="tests.test_adapter_edges" name="test_who_rejects_invalid_rows[AUS,Australia,1800,all,I,Name,deaths,count,people,1-Invalid year]" time="0.001" /><testcase classname="tests.test_adapter_edges" name="test_who_rejects_invalid_rows[AUS,Australia,2023,bad,I,Name,deaths,count,people,1-Unsupported sex]" time="0.001" /><testcase classname="tests.test_adapter_edges" name="test_who_rejects_invalid_rows[AUS,Australia,2023,all,I,Name,deaths,count,people,-1-Negative value]" time="0.001" /><testcase classname="tests.test_adapter_edges" name="test_who_rejects_invalid_rows[AUS,Australia,2023,all,,Name,deaths,count,people,1-Missing required text]" time="0.001" /><testcase classname="tests.test_adapter_edges" name="test_who_contract_empty_and_missing_file_errors" time="0.001" /><testcase classname="tests.test_adapter_edges" name="test_orphadata_rejects_missing_invalid_duplicate_and_empty_data" time="0.003" /><testcase classname="tests.test_adapter_edges" name="test_world_bank_url_rejects_invalid_arguments[kwargs0]" time="0.002" /><testcase classname="tests.test_adapter_edges" name="test_world_bank_url_rejects_invalid_arguments[kwargs1]" time="0.000" /><testcase classname="tests.test_adapter_edges" name="test_world_bank_url_rejects_invalid_arguments[kwargs2]" time="0.000" /><testcase classname="tests.test_adapter_edges" name="test_world_bank_url_rejects_invalid_arguments[kwargs3]" time="0.001" /><testcase classname="tests.test_adapter_edges" name="test_world_bank_url_rejects_invalid_arguments[kwargs4]" time="0.000" /><testcase classname="tests.test_adapter_edges" name="test_world_bank_url_rejects_invalid_arguments[kwargs5]" time="0.000" /><testcase classname="tests.test_adapter_edges" name="test_world_bank_rejects_malformed_payloads[\xff-not valid UTF-8 JSON]" time="0.000" /><testcase classname="tests.test_adapter_edges" name="test_world_bank_rejects_malformed_payloads[{-not valid JSON]" time="0.000" /><testcase classname="tests.test_adapter_edges" name="test_world_bank_rejects_malformed_payloads[payload2-Expected]" time="0.000" /><testcase classname="tests.test_adapter_edges" name="test_world_bank_rejects_malformed_payloads[payload3-malformed]" time="0.000" /><testcase classname="tests.test_adapter_edges" name="test_world_bank_rejects_malformed_payloads[payload4-Pagination metadata]" time="0.000" /><testcase classname="tests.test_adapter_edges" name="test_world_bank_rejects_malformed_payloads[payload5-incomplete]" time="0.000" /><testcase classname="tests.test_adapter_edges" name="test_world_bank_rejects_malformed_payloads[payload6-not an object]" time="0.000" /><testcase classname="tests.test_adapter_edges" name="test_world_bank_rejects_malformed_payloads[payload7-non-numeric]" time="0.000" /><testcase classname="tests.test_adapter_edges" name="test_world_bank_rejects_malformed_payloads[payload8-lacks indicator]" time="0.000" /><testcase classname="tests.test_adapter_edges" name="test_world_bank_rejects_malformed_payloads[payload9-reports 'OTHER']" time="0.000" /><testcase classname="tests.test_adapter_edges" name="test_world_bank_rejects_malformed_payloads[payload10-valid geography]" time="0.000" /><testcase classname="tests.test_adapter_edges" name="test_world_bank_skips_nulls_and_uses_fallback_metadata" time="0.001" /><testcase classname="tests.test_assurance_013_preparation" name="test_assurance_packet_keeps_equity_and_release_claims_non_binding" time="0.001" /><testcase classname="tests.test_assurance_boundaries" name="test_uncertainty_decomposition_is_deterministic_and_validates_inputs" time="0.008" /><testcase classname="tests.test_assurance_boundaries" name="test_runtime_asset_verifier_accepts_projection_and_reports_tampering" time="0.003" /><testcase classname="tests.test_assurance_boundaries" name="test_lineage_audit_closes_valid_outputs_and_reports_invalid_graphs" time="0.002" /><testcase classname="tests.test_assurance_boundaries" name="test_reporting_checklist_builds_and_verifies_complete_evidence" time="0.003" /><testcase classname="tests.test_assurance_boundaries" name="test_reporting_checklist_rejects_builder_and_verifier_edge_cases" time="0.001" /><testcase classname="tests.test_assurance_boundaries" name="test_reference_release_passes_the_in_process_independent_verifier" time="1.718" /><testcase classname="tests.test_assurance_boundaries" name="test_quality_contracts_cover_decisions_and_closure_failures" time="0.005" /><testcase classname="tests.test_assurance_boundaries" name="test_quality_validators_reject_contradictory_decisions" time="0.005" /><testcase classname="tests.test_assurance_boundaries" name="test_reproducibility_assessment_gates_and_evidence_paths" time="0.003" /><testcase classname="tests.test_assurance_boundaries" name="test_transformation_builder_environment_and_artifacts_fail_closed" time="0.014" /><testcase classname="tests.test_assurance_boundaries" name="test_transformation_verifier_reports_artefact_failures" time="0.002" /><testcase classname="tests.test_assurance_boundaries" name="test_workflow_builder_and_verifier_fail_closed" time="0.001" /><testcase classname="tests.test_assurance_boundaries" name="test_independent_verifier_reports_tampered_prov_workflow_and_crate" time="1.597" /><testcase classname="tests.test_assurance_boundaries" name="test_independent_verifier_low_level_boundaries" time="0.003" /><testcase classname="tests.test_assurance_boundaries" name="test_transparency_records_build_and_verify_without_overstatement" time="0.001" /><testcase classname="tests.test_assurance_boundaries" name="test_protocol_registration_rejects_misleading_records[mutation0-Unsupported protocol status]" time="0.001" /><testcase classname="tests.test_assurance_boundaries" name="test_protocol_registration_rejects_misleading_records[mutation1-RFC 3339]" time="0.001" /><testcase classname="tests.test_assurance_boundaries" name="test_protocol_registration_rejects_misleading_records[mutation2-timezone]" time="0.001" /><testcase classname="tests.test_assurance_boundaries" name="test_protocol_registration_rejects_misleading_records[mutation3-require a service]" time="0.001" /><testcase classname="tests.test_assurance_boundaries" name="test_protocol_registration_rejects_misleading_records[mutation4-credential-free]" time="0.001" /><testcase classname="tests.test_assurance_boundaries" name="test_protocol_registration_rejects_misleading_records[mutation5-substantive item]" time="0.001" /><testcase classname="tests.test_assurance_boundaries" name="test_protocol_registration_rejects_misleading_records[mutation6-amendments require]" time="0.001" /><testcase classname="tests.test_assurance_boundaries" name="test_decision_log_and_transparency_verifiers_reject_invalid_states" time="0.001" /><testcase classname="tests.test_atlas_014_preparation" name="test_atlas_review_packet_is_non_binding_and_keeps_publication_disabled" time="0.001" /><testcase classname="tests.test_atlas_accessibility" name="test_atlas_accessibility_checklist_preserves_fail_closed_boundaries" time="0.001" /><testcase classname="tests.test_atlas_api_schema" name="test_atlas_api_response_is_schema_valid_and_preserves_package_parity" time="0.016" /><testcase classname="tests.test_atlas_package" name="test_gap_package_is_deterministic_aggregate_only_and_preserves_missingness" time="0.031" /><testcase classname="tests.test_atlas_package" name="test_gap_package_requires_release_identity[release_id]" time="0.015" /><testcase classname="tests.test_atlas_package" name="test_gap_package_requires_release_identity[source_manifest_id]" time="0.015" /><testcase classname="tests.test_atlas_package" name="test_gap_package_rejects_empty_rows" time="0.015" /><testcase classname="tests.test_atlas_package" name="test_gap_api_projection_preserves_package_identity_and_is_read_only" time="0.015" /><testcase classname="tests.test_atlas_package" name="test_gap_api_projection_rejects_non_relative_or_non_aggregate_inputs" time="0.015" /><testcase classname="tests.test_bounded_candidate_binding_receipt" name="test_bounded_candidate_binding_is_not_a_release_receipt" time="0.002" /><testcase classname="tests.test_bounded_candidate_gate_checklist" name="test_bounded_candidate_checklist_is_fail_closed" time="0.003" /><testcase classname="tests.test_burden" name="test_expected_population_product_is_nonnegative_and_bounded" time="0.048" /><testcase classname="tests.test_burden" name="test_endpoint_bounds_are_propagated" time="0.000" /><testcase classname="tests.test_burden" name="test_invalid_fraction_is_rejected" time="0.000" /><testcase classname="tests.test_burden" name="test_seeded_simulation_is_reproducible_and_contains_expected_mean" time="0.005" /><testcase classname="tests.test_burden" name="test_health_loss_allocation_fails_closed" time="0.000" /><testcase classname="tests.test_burden_assurance" name="test_estimability_reports_missing_inputs_without_imputation" time="0.001" /><testcase classname="tests.test_burden_assurance" name="test_structural_scenarios_are_reproducible_and_lineage_preserving" time="0.458" /><testcase classname="tests.test_burden_assurance" name="test_structural_scenarios_fail_closed[scenarios0-baseline]" time="0.001" /><testcase classname="tests.test_burden_assurance" name="test_structural_scenarios_fail_closed[scenarios1-between 2 and 20]" time="0.000" /><testcase classname="tests.test_burden_assurance" name="test_structural_scenarios_fail_closed[scenarios2-invariant field output_unit]" time="0.118" /><testcase classname="tests.test_burden_assurance" name="test_structural_scenarios_fail_closed[scenarios3-non-estimable]" time="0.120" /><testcase classname="tests.test_burden_assurance" name="test_structural_scenarios_reject_unbounded_scenario_sets" time="0.000" /><testcase classname="tests.test_burden_assurance" name="test_structural_scenarios_reject_blank_names" time="0.000" /><testcase classname="tests.test_burden_benchmark" name="test_benchmark_receipt_is_scientifically_reproducible" time="0.006" /><testcase classname="tests.test_burden_benchmark" name="test_representative_large_synthetic_workload_stays_bounded" time="2.374" /><testcase classname="tests.test_burden_benchmark" name="test_benchmark_fails_closed[kwargs0-iterations]" time="0.000" /><testcase classname="tests.test_burden_benchmark" name="test_benchmark_fails_closed[kwargs1-positive]" time="0.000" /><testcase classname="tests.test_burden_benchmark" name="test_benchmark_fails_closed[kwargs2-limit]" time="0.003" /><testcase classname="tests.test_burden_numerical_assurance" name="test_expected_population_property_is_bounded" time="0.043" /><testcase classname="tests.test_burden_numerical_assurance" name="test_simulation_golden_vector_is_versioned" time="0.001" /><testcase classname="tests.test_burden_numerical_assurance" name="test_seeded_beta_mean_converges_toward_analytic_expectation" time="0.099" /><testcase classname="tests.test_burden_numerical_assurance" name="test_simulation_rejects_overflow_and_negative_products[left0-right0]" time="0.000" /><testcase classname="tests.test_burden_numerical_assurance" name="test_simulation_rejects_overflow_and_negative_products[left1-right1]" time="0.000" /><testcase classname="tests.test_candidate_release_manifest" name="test_bounded_candidate_manifest_is_schema_valid_and_non_release" time="0.003" /><testcase classname="tests.test_catalog" name="test_seed_catalog_is_valid" time="0.025" /><testcase classname="tests.test_catalog" name="test_duplicate_source_ids_are_rejected" time="0.023" /><testcase classname="tests.test_catalog" name="test_unknown_access_class_is_rejected" time="0.023" /><testcase classname="tests.test_catalog" name="test_controlled_source_cannot_be_freely_redistributable" time="0.023" /><testcase classname="tests.test_catalog_hardening" name="test_yaml_loader_fails_closed_for_missing_invalid_and_non_mapping" time="0.002" /><testcase classname="tests.test_catalog_hardening" name="test_catalog_invariants_report_all_security_and_access_errors" time="0.015" /><testcase classname="tests.test_catalog_hardening" name="test_catalog_non_list_and_non_mapping_entries_are_safely_ignored_by_invariants" time="0.000" /><testcase classname="tests.test_catalog_hardening" name="test_schema_and_invariant_failures_are_aggregated" time="0.018" /><testcase classname="tests.test_cli" name="test_version_is_available_from_installed_style_cli" time="0.007" /><testcase classname="tests.test_cli" name="test_doctor_json_reports_healthy_repository" time="0.026" /><testcase classname="tests.test_cli" name="test_estimate_cases_json" time="0.002" /><testcase classname="tests.test_cli_integration" name="test_programme_document_ledger_and_analysis_commands" time="0.409" /><testcase classname="tests.test_cli_integration" name="test_source_registration_normalisation_and_gap_map_commands" time="0.140" /><testcase classname="tests.test_cli_integration" name="test_release_and_reference_workflows_from_cli" time="1.304" /><testcase classname="tests.test_cli_integration" name="test_world_bank_plain_output_and_cli_error_paths" time="0.091" /><testcase classname="tests.test_cli_integration" name="test_fetch_release_blocks_uncertain_or_restricted_licence_before_network[unknown]" time="0.083" /><testcase classname="tests.test_cli_integration" name="test_fetch_release_blocks_uncertain_or_restricted_licence_before_network[restricted]" time="0.089" /><testcase classname="tests.test_cli_integration" name="test_fetch_release_records_redacted_source_change_incident" time="0.082" /><testcase classname="tests.test_cli_integration" name="test_source_change_matrix_keeps_all_track_002_candidates_fail_closed[orphadata-science-july-2026-pair]" time="0.080" /><testcase classname="tests.test_cli_integration" name="test_source_change_matrix_keeps_all_track_002_candidates_fail_closed[un-world-population-prospects-wpp2024-f01]" time="0.088" /><testcase classname="tests.test_cli_integration" name="test_source_change_matrix_keeps_all_track_002_candidates_fail_closed[who-global-health-estimates-ghe2021-daly-2000]" time="0.115" /><testcase classname="tests.test_cli_integration" name="test_source_change_matrix_keeps_all_track_002_candidates_fail_closed[world-bank-indicators-api-sp-pop-totl-aus-nzl-2000-2021]" time="0.095" /><testcase classname="tests.test_cli_semantics" name="test_validate_hierarchy_cli_reports_mapping" time="0.011" /><testcase classname="tests.test_cli_semantics" name="test_aggregate_hierarchy_cli_writes_valid_result" time="0.008" /><testcase classname="tests.test_cli_semantics" name="test_mapping_schema_without_mapping_fails" time="0.006" /><testcase classname="tests.test_current_head_evidence_reconciliation" name="test_reconciliation_packet_records_current_head_artifacts" time="0.002" /><testcase classname="tests.test_demonstrator_readiness" name="test_all_demonstrator_profiles_are_valid_and_fail_closed" time="0.004" /><testcase classname="tests.test_demonstrator_readiness" name="test_unbound_role_requires_a_reason" time="0.002" /><testcase classname="tests.test_demonstrator_readiness" name="test_incompatible_binding_is_rejected" time="0.001" /><testcase classname="tests.test_demonstrator_readiness" name="test_duplicate_role_is_rejected" time="0.001" /><testcase classname="tests.test_downstream_bounded_preparation_plan" name="test_downstream_plan_is_bounded_and_dependency_ordered" time="0.002" /><testcase classname="tests.test_downstream_bounded_preparation_plan" name="test_downstream_plan_has_upstream_revalidation_and_stop_rules" time="0.002" /><testcase classname="tests.test_downstream_track_contracts" name="test_track_011_fixture_is_explicitly_synthetic_and_bounded" time="0.001" /><testcase classname="tests.test_downstream_track_contracts" name="test_track_012_fixture_preserves_multimorbidity_and_disclosure_boundary" time="0.002" /><testcase classname="tests.test_downstream_track_contracts" name="test_track_010_contracts_do_not_claim_empirical_validation" time="0.001" /><testcase classname="tests.test_downstream_track_status_matrix" name="test_downstream_matrix_covers_tracks_008_to_017_without_false_closure" time="0.003" /><testcase classname="tests.test_downstream_track_status_matrix" name="test_downstream_matrix_keeps_accountable_gates_open" time="0.004" /><testcase classname="tests.test_economic_005_preparation" name="test_economic_review_packet_keeps_cost_claims_non_binding" time="0.000" /><testcase classname="tests.test_equity_gap_review_schema" name="test_synthetic_equity_gap_review_is_schema_valid_and_fail_closed" time="0.002" /><testcase classname="tests.test_external_gate_evidence_index" name="test_external_gate_evidence_index_retains_all_accountable_lanes" time="0.000" /><testcase classname="tests.test_external_gate_receipt_schema" name="test_external_gate_receipt_template_matches_schema_and_remains_blank" time="0.001" /><testcase classname="tests.test_external_gate_receipt_template" name="test_external_gate_receipt_template_is_blank_and_non_approving" time="0.001" /><testcase classname="tests.test_external_gate_register" name="test_external_gate_register_is_pending_and_fail_closed" time="0.000" /><testcase classname="tests.test_external_receipt_validator" name="test_receipt_validator_accepts_shape_but_rejects_blank_attribution" time="0.003" /><testcase classname="tests.test_external_receipt_validator" name="test_receipt_validator_rejects_unknown_gate_after_attribution" time="0.002" /><testcase classname="tests.test_gapmap" name="test_gap_map_is_constraint_aware_and_schema_valid" time="0.017" /><testcase classname="tests.test_gapmap" name="test_gap_map_does_not_treat_domain_only_match_as_sufficient" time="0.015" /><testcase classname="tests.test_gapmap" name="test_duplicate_need_is_rejected" time="0.016" /><testcase classname="tests.test_gapmap" name="test_markdown_exposes_readiness_and_limitations" time="0.016" /><testcase classname="tests.test_gapmap_release_schema" name="test_gap_map_is_schema_valid_and_renders_accessibly" time="0.017" /><testcase classname="tests.test_gapmap_release_schema" name="test_gap_map_validation_is_fail_closed" time="0.000" /><testcase classname="tests.test_gapmap_release_schema" name="test_release_manifest_build_verify_and_tamper_detection" time="0.024" /><testcase classname="tests.test_gapmap_release_schema" name="test_release_manifest_rejects_unsafe_inputs" time="0.002" /><testcase classname="tests.test_gapmap_release_schema" name="test_schema_helpers_cover_json_yaml_and_errors" time="0.002" /><testcase classname="tests.test_governance_015_preparation" name="test_governance_tabletop_template_is_non_binding_and_covers_reserved_scenarios" time="0.000" /><testcase classname="tests.test_harness" name="test_git_attributes_normalise_packaged_text_across_platforms" time="0.001" /><testcase classname="tests.test_harness" name="test_wheel_canonicalisation_removes_platform_metadata_drift" time="0.005" /><testcase classname="tests.test_harness" name="test_workflow_policy_accepts_pinned_least_privilege_workflow" time="0.002" /><testcase classname="tests.test_harness" name="test_workflow_policy_rejects_mutable_actions_and_unsafe_context" time="0.001" /><testcase classname="tests.test_harness" name="test_workflow_policy_reports_malformed_and_missing_jobs" time="0.001" /><testcase classname="tests.test_harness" name="test_schema_collection_check_detects_duplicates_and_invalid_ids" time="0.002" /><testcase classname="tests.test_harness" name="test_wheel_inspection_accepts_expected_metadata_and_rejects_forbidden" time="0.004" /><testcase classname="tests.test_harness" name="test_sdist_inspection_rejects_symlink" time="0.002" /><testcase classname="tests.test_harness" name="test_sdist_canonicalisation_normalises_order_and_archive_metadata" time="0.004" /><testcase classname="tests.test_landscape" name="test_seed_landscape_is_valid" time="0.001" /><testcase classname="tests.test_landscape" name="test_duplicate_initiative_id_is_rejected" time="0.002" /><testcase classname="tests.test_landscape" name="test_non_https_reference_is_rejected" time="0.001" /><testcase classname="tests.test_landscape" name="test_federated_patient_data_requires_compatible_access" time="0.001" /><testcase classname="tests.test_landscape" name="test_unreviewed_unqualified_proceed_is_rejected" time="0.001" /><testcase classname="tests.test_landscape" name="test_non_data_policy_record_cannot_claim_patient_records" time="0.001" /><testcase classname="tests.test_landscape" name="test_landscape_markdown_is_deterministic_and_complete" time="0.001" /><testcase classname="tests.test_landscape" name="test_landscape_rendering_keeps_claims_provisional" time="0.000" /><testcase classname="tests.test_landscape" name="test_track_007_synthetic_screening_reconciles_without_closing_external_gates" time="0.000" /><testcase classname="tests.test_landscape" name="test_track_007_search_log_preserves_bounded_discovery_and_provisional_status" time="0.000" /><testcase classname="tests.test_landscape" name="test_track_007_registration_packet_is_versioned_and_fail_closed" time="0.000" /><testcase classname="tests.test_ledger" name="test_reference_ledger_is_valid_and_fingerprinted" time="0.007" /><testcase classname="tests.test_ledger" name="test_parameter_fingerprint_changes_with_scientific_content" time="0.006" /><testcase classname="tests.test_ledger" name="test_fraction_unit_and_bounds_are_enforced" time="0.006" /><testcase classname="tests.test_ledger" name="test_non_assumed_evidence_requires_source_release" time="0.003" /><testcase classname="tests.test_ledger" name="test_assumed_evidence_requires_rationale" time="0.003" /><testcase classname="tests.test_ledger" name="test_unknown_parameter_has_actionable_error" time="0.003" /><testcase classname="tests.test_ledger" name="test_source_release_impact_trace_is_sorted_and_fail_closed" time="0.003" /><testcase classname="tests.test_ledger" name="test_query_and_portable_export_are_sorted_and_detached" time="0.004" /><testcase classname="tests.test_ledger" name="test_context_compatibility_fails_closed_on_missing_and_mismatch" time="0.007" /><testcase classname="tests.test_ledger" name="test_revision_period_and_population_contracts_fail_closed[mutation0-requires supersession evidence]" time="0.003" /><testcase classname="tests.test_ledger" name="test_revision_period_and_population_contracts_fail_closed[mutation1-period start exceeds end]" time="0.003" /><testcase classname="tests.test_ledger" name="test_revision_period_and_population_contracts_fail_closed[mutation2-age_min exceeds age_max]" time="0.004" /><testcase classname="tests.test_ledger" name="test_conflicting_alternative_parameters_are_exposed_not_selected" time="0.004" /><testcase classname="tests.test_ledger" name="test_track002_release_links_and_human_report_fail_closed" time="0.003" /><testcase classname="tests.test_ledger_model" name="test_reference_ledger_analysis_is_reproducible_and_schema_valid" time="0.232" /><testcase classname="tests.test_ledger_model" name="test_ledger_rejects_duplicate_assumption_and_provenance_failures" time="0.008" /><testcase classname="tests.test_ledger_model" name="test_ledger_rejects_revision_without_a_nonempty_supersession_receipt" time="0.003" /><testcase classname="tests.test_ledger_model" name="test_ledger_rejects_distribution_and_fraction_invariants" time="0.011" /><testcase classname="tests.test_ledger_model" name="test_model_scalar_guards_and_metric_safety" time="0.000" /><testcase classname="tests.test_ledger_model" name="test_all_distribution_types_and_failures" time="0.001" /><testcase classname="tests.test_ledger_model" name="test_simulation_limits_and_analysis_type_checks" time="0.005" /><testcase classname="tests.test_ledger_store" name="test_store_appends_verifies_and_exports_portable_history" time="0.018" /><testcase classname="tests.test_ledger_store" name="test_store_rejects_revision_gaps_duplicates_and_invalid_documents" time="0.013" /><testcase classname="tests.test_ledger_store" name="test_database_triggers_prevent_update_and_delete" time="0.007" /><testcase classname="tests.test_ledger_store" name="test_chain_tampering_is_detected_even_if_triggers_are_removed" time="0.008" /><testcase classname="tests.test_ledger_store" name="test_store_rejects_invalid_revision_and_timestamp[0-2026-07-31T00:00:00Z]" time="0.005" /><testcase classname="tests.test_ledger_store" name="test_store_rejects_invalid_revision_and_timestamp[True-2026-07-31T00:00:00Z]" time="0.006" /><testcase classname="tests.test_ledger_store" name="test_store_rejects_invalid_revision_and_timestamp[1-2026-07-31T00:00:00]" time="0.006" /><testcase classname="tests.test_ledger_store" name="test_store_rejects_invalid_revision_and_timestamp[1-not-a-time]" time="0.005" /><testcase classname="tests.test_ledger_store" name="test_migration_is_detached_and_fails_closed" time="0.002" /><testcase classname="tests.test_markdown_links" name="test_repository_markdown_links_are_valid" time="0.196" /><testcase classname="tests.test_markdown_links" name="test_missing_local_link_is_reported" time="0.001" /><testcase classname="tests.test_model" name="test_reference_analysis_is_seeded_schema_valid_and_content_identified" time="0.233" /><testcase classname="tests.test_model" name="test_independence_must_be_explicit_and_supported" time="0.000" /><testcase classname="tests.test_model" name="test_analysis_schema_rejects_missing_dependence_rationale" time="0.002" /><testcase classname="tests.test_model" name="test_case_fraction_fails_closed_for_health_loss_and_cost" time="0.000" /><testcase classname="tests.test_model" name="test_run_analysis_rejects_incompatible_units" time="0.004" /><testcase classname="tests.test_node" name="test_small_cells_are_suppressed_and_large_cells_released" time="0.002" /><testcase classname="tests.test_node" name="test_participant_fields_fail_closed" time="0.000" /><testcase classname="tests.test_node" name="test_invalid_counts_and_threshold_fail_closed" time="0.000" /><testcase classname="tests.test_node" name="test_execution_manifest_and_version_negotiation_are_bounded" time="0.000" /><testcase classname="tests.test_node" name="test_environment_capture_is_bounded_and_requires_lockfile_fingerprint" time="0.000" /><testcase classname="tests.test_node" name="test_offline_node_returns_manifest_and_disclosure_safe_rows" time="0.001" /><testcase classname="tests.test_node" name="test_offline_node_rejects_participant_rows" time="0.000" /><testcase classname="tests.test_node" name="test_offline_node_rejects_unverified_input_fingerprint" time="0.000" /><testcase classname="tests.test_node" name="test_analysis_cannot_weaken_custodian_threshold" time="0.000" /><testcase classname="tests.test_node" name="test_analysis_cannot_weaken_query_budget_or_dimension_allowlist" time="0.000" /><testcase classname="tests.test_node" name="test_query_budget_rejects_replay_and_overlapping_differencing" time="0.000" /><testcase classname="tests.test_node" name="test_synthetic_cohort_is_deterministic_and_has_multi_diagnosis_small_cell" time="0.000" /><testcase classname="tests.test_node" name="test_manifest_supports_non_success_terminal_states[failed]" time="0.000" /><testcase classname="tests.test_node" name="test_manifest_supports_non_success_terminal_states[withdrawn]" time="0.000" /><testcase classname="tests.test_node" name="test_correction_creates_superseding_manifest_without_mutating_original" time="0.000" /><testcase classname="tests.test_node" name="test_correction_rejects_invalid_lifecycle_and_clears_output_fingerprint" time="0.000" /><testcase classname="tests.test_node" name="test_node_log_redaction_is_recursive_and_preserves_safe_metadata" time="0.000" /><testcase classname="tests.test_node" name="test_export_rejects_case_variants_nested_values_and_unapproved_dimensions" time="0.000" /><testcase classname="tests.test_node" name="test_log_redaction_covers_key_variants_and_bearer_values" time="0.000" /><testcase classname="tests.test_node" name="test_version_negotiation_rejects_malformed_semver[0]" time="0.000" /><testcase classname="tests.test_node" name="test_version_negotiation_rejects_malformed_semver[0.foo]" time="0.000" /><testcase classname="tests.test_node" name="test_version_negotiation_rejects_malformed_semver[0.1.extra]" time="0.000" /><testcase classname="tests.test_node" name="test_version_negotiation_rejects_malformed_semver[01.0.0]" time="0.000" /><testcase classname="tests.test_node_004_preparation" name="test_node_review_packet_keeps_controlled_pilot_disabled" time="0.000" /><testcase classname="tests.test_node_analysis" name="test_aggregate_synthetic_records_uses_exclusive_overlap_groups" time="0.001" /><testcase classname="tests.test_node_analysis" name="test_aggregate_rows_are_suitable_for_offline_node" time="0.000" /><testcase classname="tests.test_node_analysis" name="test_aggregate_synthetic_records_rejects_unbounded_inputs[record0-identifier fields]" time="0.000" /><testcase classname="tests.test_node_analysis" name="test_aggregate_synthetic_records_rejects_unbounded_inputs[record1-unknown fields]" time="0.000" /><testcase classname="tests.test_node_analysis" name="test_aggregate_synthetic_records_rejects_unbounded_inputs[record2-explicitly marked synthetic]" time="0.000" /><testcase classname="tests.test_node_analysis" name="test_aggregate_synthetic_records_rejects_unknown_dimensions" time="0.000" /><testcase classname="tests.test_node_analysis" name="test_diagnosis_combination_labels_cannot_collide" time="0.000" /><testcase classname="tests.test_node_analysis" name="test_malformed_containers_fail_with_bounded_error[records0-dimensions0]" time="0.000" /><testcase classname="tests.test_node_analysis" name="test_malformed_containers_fail_with_bounded_error[records1-dimensions1]" time="0.000" /><testcase classname="tests.test_node_analysis" name="test_malformed_containers_fail_with_bounded_error[records2-diagnosis]" time="0.000" /><testcase classname="tests.test_node_analysis" name="test_aggregate_synthetic_records_rejects_invalid_diagnoses[diagnoses0]" time="0.000" /><testcase classname="tests.test_node_analysis" name="test_aggregate_synthetic_records_rejects_invalid_diagnoses[condition-a]" time="0.000" /><testcase classname="tests.test_node_analysis" name="test_aggregate_synthetic_records_rejects_invalid_diagnoses[diagnoses2]" time="0.000" /><testcase classname="tests.test_node_bundle" name="test_build_is_deterministic_and_verifiable" time="0.003" /><testcase classname="tests.test_node_bundle" name="test_build_rejects_missing_and_remote_artifacts[missing.whl]" time="0.001" /><testcase classname="tests.test_node_bundle" name="test_build_rejects_missing_and_remote_artifacts[https://example.test/package.whl]" time="0.001" /><testcase classname="tests.test_node_bundle" name="test_build_rejects_non_wheel_symlink_and_duplicate_filename" time="0.002" /><testcase classname="tests.test_node_bundle" name="test_build_rejects_invalid_or_unsafe_wheel_archive" time="0.001" /><testcase classname="tests.test_node_bundle" name="test_verify_rejects_tampering_and_unmanifested_members" time="0.003" /><testcase classname="tests.test_node_bundle" name="test_verify_rejects_manifest_role_and_canonical_encoding" time="0.003" /><testcase classname="tests.test_node_bundle" name="test_build_refuses_to_overwrite_input" time="0.001" /><testcase classname="tests.test_node_bundle" name="test_build_rejects_wheel_without_required_metadata" time="0.001" /><testcase classname="tests.test_node_bundle" name="test_archive_resource_bounds_fail_closed" time="0.001" /><testcase classname="tests.test_node_bundle" name="test_verify_rejects_self_consistent_non_wheel_payload" time="0.001" /><testcase classname="tests.test_node_bundle" name="test_build_requires_rareburden_as_node_distribution" time="0.001" /><testcase classname="tests.test_node_policy" name="test_policy_loader_returns_immutable_normalised_value" time="0.001" /><testcase classname="tests.test_node_policy" name="test_policy_loader_fails_closed_on_invalid_contract[change0-positive integer]" time="0.000" /><testcase classname="tests.test_node_policy" name="test_policy_loader_fails_closed_on_invalid_contract[change1-semantic version]" time="0.000" /><testcase classname="tests.test_node_policy" name="test_policy_loader_fails_closed_on_invalid_contract[change2-unsupported dimension]" time="0.000" /><testcase classname="tests.test_node_policy" name="test_policy_loader_fails_closed_on_invalid_contract[change3-unsupported]" time="0.000" /><testcase classname="tests.test_node_policy" name="test_policy_loader_fails_closed_on_invalid_contract[change4-array]" time="0.000" /><testcase classname="tests.test_node_policy" name="test_policy_loader_rejects_missing_unknown_and_duplicate_fields" time="0.000" /><testcase classname="tests.test_node_policy" name="test_query_ledger_is_append_only_and_value_free" time="0.000" /><testcase classname="tests.test_node_policy" name="test_query_identity_is_stable_across_dimension_order" time="0.000" /><testcase classname="tests.test_node_policy" name="test_ledger_rejects_replay_and_overlap_budget_exhaustion" time="0.000" /><testcase classname="tests.test_node_policy" name="test_ledger_rejects_unapproved_or_value_bearing_query_shapes[shape0]" time="0.000" /><testcase classname="tests.test_node_policy" name="test_ledger_rejects_unapproved_or_value_bearing_query_shapes[shape1]" time="0.000" /><testcase classname="tests.test_node_policy" name="test_ledger_rejects_unapproved_or_value_bearing_query_shapes[shape2]" time="0.000" /><testcase classname="tests.test_node_policy" name="test_metadata_only_policy_cannot_authorize_aggregate_query" time="0.000" /><testcase classname="tests.test_node_policy" name="test_policy_bound_synthetic_execution_returns_registered_snapshot" time="0.000" /><testcase classname="tests.test_node_policy" name="test_policy_bound_execution_rejects_dimensions_not_in_registered_shape" time="0.000" /><testcase classname="tests.test_node_policy_store" name="test_store_persists_policy_and_value_free_query_chain" time="0.009" /><testcase classname="tests.test_node_policy_store" name="test_store_rejects_replay_and_budget_across_restarts" time="0.005" /><testcase classname="tests.test_node_policy_store" name="test_store_serialises_competing_budget_registration" time="0.006" /><testcase classname="tests.test_node_policy_store" name="test_store_rejects_unknown_policy_sensitive_identifiers_and_bad_time" time="0.004" /><testcase classname="tests.test_node_policy_store" name="test_store_triggers_and_verifier_detect_tampering" time="0.007" /><testcase classname="tests.test_node_policy_store" name="test_verifier_replays_policy_budget_after_privileged_insert" time="0.007" /><testcase classname="tests.test_node_policy_store" name="test_store_rejects_symlink_database" time="0.001" /><testcase classname="tests.test_node_policy_store" name="test_store_rejects_precreated_incompatible_schema" time="0.004" /><testcase classname="tests.test_node_wheelhouse_matrix" name="test_reference_matrix_records_only_current_platform_candidate" time="0.001" /><testcase classname="tests.test_node_wheelhouse_matrix" name="test_not_run_row_cannot_carry_evidence" time="0.001" /><testcase classname="tests.test_node_wheelhouse_matrix" name="test_approved_pass_requires_independent_operator" time="0.001" /><testcase classname="tests.test_normalisation" name="test_world_bank_url_is_canonical_and_explicit" time="0.000" /><testcase classname="tests.test_normalisation" name="test_world_bank_fixture_normalises_and_validates" time="0.003" /><testcase classname="tests.test_normalisation" name="test_world_bank_rejects_incomplete_pagination" time="0.000" /><testcase classname="tests.test_normalisation" name="test_population_fixture_uses_declared_contract_and_multiplier" time="0.001" /><testcase classname="tests.test_normalisation" name="test_population_rejects_implicit_or_bad_columns" time="0.002" /><testcase classname="tests.test_normalisation" name="test_orphadata_and_who_fixtures_normalise_and_validate" time="0.002" /><testcase classname="tests.test_normalisation" name="test_who_requires_explicit_mapping" time="0.000" /><testcase classname="tests.test_normalisation" name="test_record_bounds_duplicate_ids_and_lineage_fail_closed" time="0.002" /><testcase classname="tests.test_offline_node_install" name="test_offline_install_constructs_network_disabled_commands" time="0.002" /><testcase classname="tests.test_offline_node_install" name="test_offline_install_rejects_missing_or_empty_inputs" time="0.001" /><testcase classname="tests.test_offline_node_install" name="test_offline_install_rejects_symlinks_and_node_in_wheelhouse" time="0.001" /><testcase classname="tests.test_operations_budget" name="test_resource_budget_accepts_measurement_at_limit" time="0.001" /><testcase classname="tests.test_operations_budget" name="test_resource_budget_rejects_overage" time="0.000" /><testcase classname="tests.test_operations_budget" name="test_resource_budget_rejects_non_positive_or_non_finite[kwargs0]" time="0.000" /><testcase classname="tests.test_operations_budget" name="test_resource_budget_rejects_non_positive_or_non_finite[kwargs1]" time="0.000" /><testcase classname="tests.test_operations_budget" name="test_exercise_receipt_is_metadata_only_and_non_production" time="0.000" /><testcase classname="tests.test_operations_budget" name="test_exercise_receipt_rejects_invalid_identity_or_outcome" time="0.000" /><testcase classname="tests.test_operations_metrics" name="test_metric_is_deterministic_and_metadata_only" time="0.000" /><testcase classname="tests.test_operations_metrics" name="test_metric_rejects_invalid_or_sensitive_metadata[kwargs0]" time="0.000" /><testcase classname="tests.test_operations_metrics" name="test_metric_rejects_invalid_or_sensitive_metadata[kwargs1]" time="0.000" /><testcase classname="tests.test_operations_metrics" name="test_metric_rejects_invalid_or_sensitive_metadata[kwargs2]" time="0.000" /><testcase classname="tests.test_operations_metrics" name="test_metric_rejects_invalid_or_sensitive_metadata[kwargs3]" time="0.000" /><testcase classname="tests.test_owner_bounded_candidate_amendment" name="test_owner_amendment_preserves_bounded_scope_and_expiry" time="0.000" /><testcase classname="tests.test_ownership_sustainability_packet" name="test_ownership_packet_is_blank_and_non_authorizing" time="0.001" /><testcase classname="tests.test_package_size_policy" name="test_policy_accepts_hash_bound_artifacts" time="0.002" /><testcase classname="tests.test_package_size_policy" name="test_policy_rejects_stale_hash" time="0.001" /><testcase classname="tests.test_package_size_policy" name="test_policy_rejects_over_budget" time="0.001" /><testcase classname="tests.test_panel_review_packets" name="test_track_002_and_007_panel_fixtures_are_pending_and_schema_valid" time="0.001" /><testcase classname="tests.test_panel_review_packets" name="test_panel_fixtures_use_at_least_three_distinct_roles" time="0.001" /><testcase classname="tests.test_paths" name="test_repository_root_is_detected_from_nested_path" time="0.001" /><testcase classname="tests.test_paths" name="test_explicit_environment_root_is_honoured" time="0.001" /><testcase classname="tests.test_paths" name="test_missing_root_has_actionable_error" time="0.002" /><testcase classname="tests.test_paths" name="test_packaged_repository_projection_is_valid" time="0.000" /><testcase classname="tests.test_provenance" name="test_local_registration_is_schema_valid_and_does_not_copy" time="0.012" /><testcase classname="tests.test_provenance" name="test_registration_rejects_checksum_mismatch" time="0.001" /><testcase classname="tests.test_provenance" name="test_source_release_and_atomic_writer_are_schema_valid" time="0.001" /><testcase classname="tests.test_provenance" name="test_source_release_rejects_incomplete_licence_evidence[uncertain-None-Needs review.-Unsupported licence state]" time="0.000" /><testcase classname="tests.test_provenance" name="test_source_release_rejects_incomplete_licence_evidence[verified-None--requires a persistent HTTPS licence reference]" time="0.001" /><testcase classname="tests.test_provenance" name="test_source_release_rejects_incomplete_licence_evidence[conditional-None--requires a persistent HTTPS licence reference]" time="0.000" /><testcase classname="tests.test_provenance" name="test_source_release_rejects_incomplete_licence_evidence[restricted-None--requires a persistent HTTPS licence reference]" time="0.000" /><testcase classname="tests.test_provenance" name="test_source_release_rejects_incomplete_licence_evidence[unknown-None--requires a substantive rationale]" time="0.000" /><testcase classname="tests.test_provenance" name="test_source_release_rejects_incomplete_licence_evidence[verified-http://example.org/terms--credential-free HTTPS]" time="0.000" /><testcase classname="tests.test_provenance" name="test_source_release_rejects_incomplete_licence_evidence[verified-https://user:secret@example.org/terms--credential-free HTTPS]" time="0.000" /><testcase classname="tests.test_provenance" name="test_stable_identifier_rejects_empty_input" time="0.000" /><testcase classname="tests.test_qualifying_receipts_register" name="test_qualifying_receipts_register_is_complete_and_pending" time="0.003" /><testcase classname="tests.test_qualifying_receipts_register" name="test_verified_gate_requires_receipt_metadata" time="0.006" /><testcase classname="tests.test_qualifying_receipts_register" name="test_verified_gate_rejects_placeholder_candidate" time="0.005" /><testcase classname="tests.test_qualifying_receipts_register" name="test_receipt_binding_rejects_digest_mismatch" time="0.004" /><testcase classname="tests.test_quality_edges" name="test_release_language_is_conservative_and_maturity_bound" time="0.000" /><testcase classname="tests.test_quality_edges" name="test_interval_estimate_rejects_invalid_contracts[arguments0-estimate]" time="0.000" /><testcase classname="tests.test_quality_edges" name="test_interval_estimate_rejects_invalid_contracts[arguments1-estimate]" time="0.000" /><testcase classname="tests.test_quality_edges" name="test_interval_estimate_rejects_invalid_contracts[arguments2-unit]" time="0.001" /><testcase classname="tests.test_quality_edges" name="test_interval_estimate_rejects_invalid_contracts[arguments3-supplied together]" time="0.001" /><testcase classname="tests.test_quality_edges" name="test_interval_estimate_rejects_invalid_contracts[arguments4-supplied together]" time="0.000" /><testcase classname="tests.test_quality_edges" name="test_interval_estimate_rejects_invalid_contracts[arguments5-finite and non-negative]" time="0.000" /><testcase classname="tests.test_quality_edges" name="test_interval_estimate_rejects_invalid_contracts[arguments6-contain the estimate]" time="0.000" /><testcase classname="tests.test_quality_edges" name="test_burden_functions_reject_incompatible_units_and_bounds" time="0.000" /><testcase classname="tests.test_quality_edges" name="test_fraction_simulation_rejects_invalid_inputs[kwargs0-envelope]" time="0.000" /><testcase classname="tests.test_quality_edges" name="test_fraction_simulation_rejects_invalid_inputs[kwargs1-fraction_mean]" time="0.000" /><testcase classname="tests.test_quality_edges" name="test_fraction_simulation_rejects_invalid_inputs[kwargs2-fraction_mean]" time="0.000" /><testcase classname="tests.test_quality_edges" name="test_fraction_simulation_rejects_invalid_inputs[kwargs3-effective_sample_size]" time="0.000" /><testcase classname="tests.test_quality_edges" name="test_fraction_simulation_rejects_invalid_inputs[kwargs4-effective_sample_size]" time="0.000" /><testcase classname="tests.test_quality_edges" name="test_fraction_simulation_rejects_invalid_inputs[kwargs5-draws]" time="0.000" /><testcase classname="tests.test_quality_edges" name="test_fraction_simulation_rejects_invalid_inputs[kwargs6-draws]" time="0.000" /><testcase classname="tests.test_quality_edges" name="test_fraction_simulation_rejects_invalid_inputs[kwargs7-unit]" time="0.000" /><testcase classname="tests.test_quality_edges" name="test_quantile_validates_domain_and_exact_endpoints" time="0.000" /><testcase classname="tests.test_quality_edges" name="test_content_id_rejects_invalid_prefix_or_length[Bad-24]" time="0.000" /><testcase classname="tests.test_quality_edges" name="test_content_id_rejects_invalid_prefix_or_length[bad_prefix-24]" time="0.000" /><testcase classname="tests.test_quality_edges" name="test_content_id_rejects_invalid_prefix_or_length[ok-7]" time="0.000" /><testcase classname="tests.test_quality_edges" name="test_content_id_rejects_invalid_prefix_or_length[ok-65]" time="0.000" /><testcase classname="tests.test_quality_edges" name="test_stable_identifier_prefix_and_distinct_inputs" time="0.000" /><testcase classname="tests.test_quality_edges" name="test_provenance_hash_write_and_registration_fail_closed" time="0.001" /><testcase classname="tests.test_quality_edges" name="test_build_manifest_rejects_digest_mismatch" time="0.000" /><testcase classname="tests.test_quality_edges" name="test_git_commit_returns_none_without_repository" time="0.010" /><testcase classname="tests.test_quality_edges" name="test_release_builder_rejects_invalid_root_empty_and_duplicates" time="0.003" /><testcase classname="tests.test_quality_edges" name="test_release_output_must_be_inside_root" time="0.012" /><testcase classname="tests.test_quality_edges" name="test_release_verifier_reports_structural_and_summary_failures" time="0.023" /><testcase classname="tests.test_quality_edges" name="test_release_verifier_reports_symlink_size_and_clean_commit_mismatch" time="0.022" /><testcase classname="tests.test_receipt_request_bundle" name="test_receipt_request_bundle_is_prepared_and_bound_to_candidate" time="0.002" /><testcase classname="tests.test_reference" name="test_offline_reference_workflow_is_reproducible_and_verifiable" time="1.295" /><testcase classname="tests.test_release" name="test_release_manifest_is_content_identified_and_schema_valid" time="0.013" /><testcase classname="tests.test_release" name="test_manifest_tampering_and_file_tampering_are_detected" time="0.015" /><testcase classname="tests.test_release" name="test_symlink_and_outside_root_are_rejected" time="0.002" /><testcase classname="tests.test_release" name="test_manifest_cannot_include_itself" time="0.001" /><testcase classname="tests.test_release_attestation" name="test_release_attestation_profile_matches_schema_and_pins_identity" time="0.001" /><testcase classname="tests.test_release_attestation" name="test_build_verify_command_enforces_all_trust_constraints" time="0.001" /><testcase classname="tests.test_release_attestation" name="test_build_verify_command_rejects_non_release_refs[refs/heads/main]" time="0.001" /><testcase classname="tests.test_release_attestation" name="test_build_verify_command_rejects_non_release_refs[v0.3.0-rc.2]" time="0.001" /><testcase classname="tests.test_release_attestation" name="test_build_verify_command_rejects_non_release_refs[refs/tags/not-a-version]" time="0.001" /><testcase classname="tests.test_release_attestation" name="test_build_verify_command_rejects_non_release_refs[refs/tags/v1]" time="0.001" /><testcase classname="tests.test_release_attestation" name="test_profile_rejects_weakened_runner_policy" time="0.001" /><testcase classname="tests.test_release_attestation" name="test_verifier_writes_receipt_only_after_success" time="0.002" /><testcase classname="tests.test_release_attestation" name="test_verifier_fails_closed_on_tamper_or_wrong_identity" time="0.002" /><testcase classname="tests.test_release_attestation" name="test_verifier_rejects_symlinked_trust_material" time="0.001" /><testcase classname="tests.test_release_attestation" name="test_release_workflow_retains_bundles_roots_and_profile" time="0.001" /><testcase classname="tests.test_release_authority_receipt_plan" name="test_release_plan_is_candidate_bound_and_stable_gate_pending" time="0.001" /><testcase classname="tests.test_release_authority_receipt_plan" name="test_release_plan_requires_supersession_and_stop_triggers" time="0.001" /><testcase classname="tests.test_release_candidate_evidence_reconciliation" name="test_reconciliation_packet_records_exact_generated_artifact_bytes" time="0.007" /><testcase classname="tests.test_release_candidate_evidence_reconciliation" name="test_reconciliation_packet_preserves_fail_closed_release_boundary" time="0.002" /><testcase classname="tests.test_release_candidate_receipt" name="test_synthetic_release_candidate_receipt_is_schema_valid_and_non_authorizing" time="0.000" /><testcase classname="tests.test_release_hardening" name="test_canonical_tag[1.0.0-v1.0.0]" time="0.000" /><testcase classname="tests.test_release_hardening" name="test_canonical_tag[0.3.0rc1-v0.3.0-rc.1]" time="0.000" /><testcase classname="tests.test_release_hardening" name="test_canonical_tag[2.0.0a4-v2.0.0-a.4]" time="0.000" /><testcase classname="tests.test_release_hardening" name="test_canonical_tag[2.0.0b2-v2.0.0-b.2]" time="0.000" /><testcase classname="tests.test_release_hardening" name="test_canonical_tag_rejects_unsupported_versions" time="0.000" /><testcase classname="tests.test_release_hardening" name="test_public_lockfile_and_release_identity_without_git" time="0.003" /><testcase classname="tests.test_release_hardening" name="test_lockfile_rejects_private_registry_credentials_and_version_drift" time="0.002" /><testcase classname="tests.test_release_hardening" name="test_release_identity_rejects_tag_source_and_changelog_mismatch" time="0.002" /><testcase classname="tests.test_release_hardening" name="test_lockfile_rejects_invalid_documents" time="0.001" /><testcase classname="tests.test_repository_safety" name="test_raw_data_directories_contain_only_notices" time="0.000" /><testcase classname="tests.test_repository_safety" name="test_repository_file_listing_is_nonempty" time="0.013" /><testcase classname="tests.test_repository_safety" name="test_source_archive_fallback_excludes_git_and_caches" time="0.020" /><testcase classname="tests.test_roadmap" name="test_seed_roadmap_is_valid" time="0.018" /><testcase classname="tests.test_roadmap" name="test_dependency_cycle_is_rejected" time="0.042" /><testcase classname="tests.test_roadmap" name="test_missing_track_document_is_rejected" time="0.032" /><testcase classname="tests.test_roadmap" name="test_duplicate_release_assignment_is_rejected" time="0.023" /><testcase classname="tests.test_roadmap" name="test_complete_track_with_unchecked_task_is_rejected" time="0.044" /><testcase classname="tests.test_roadmap" name="test_human_roadmap_track_drift_is_rejected" time="0.094" /><testcase classname="tests.test_roadmap" name="test_complete_track_may_target_current_release" time="0.044" /><testcase classname="tests.test_roadmap" name="test_released_release_requires_complete_tracks" time="0.021" /><testcase classname="tests.test_roadmap" name="test_release_status_regression_is_rejected" time="0.020" /><testcase classname="tests.test_roadmap_hardening" name="test_json_loader_and_semver_fail_closed" time="0.001" /><testcase classname="tests.test_roadmap_hardening" name="test_track_document_contract_reports_missing_structure" time="0.002" /><testcase classname="tests.test_roadmap_hardening" name="test_dependency_validator_reports_self_unknown_and_cycle" time="0.000" /><testcase classname="tests.test_roadmap_hardening" name="test_track_loader_handles_missing_root_unexpected_names_and_bad_metadata" time="0.002" /><testcase classname="tests.test_roadmap_hardening" name="test_track_loader_reports_id_date_and_duplicate_errors" time="0.002" /><testcase classname="tests.test_roadmap_hardening" name="test_roadmap_invariants_cover_assignment_order_and_release_contracts" time="0.001" /><testcase classname="tests.test_roadmap_hardening" name="test_roadmap_invariants_handle_non_list_release_collection" time="0.000" /><testcase classname="tests.test_sbom" name="test_sbom_is_deterministic_and_tracks_locked_dependencies" time="0.002" /><testcase classname="tests.test_sbom" name="test_sbom_rejects_invalid_lock_documents[not toml = []" time="0.001" /><testcase classname="tests.test_sbom" name="test_sbom_rejects_invalid_lock_documents[version = 1\n]" time="0.001" /><testcase classname="tests.test_sbom" name="test_sbom_rejects_invalid_lock_documents[[[package]]\nname = &quot;missing-version&quot;\n]" time="0.001" /><testcase classname="tests.test_sbom" name="test_sbom_rejects_invalid_lock_documents[[[package]]\nname = &quot;a&quot;\nversion = &quot;1&quot;\ndependencies = &quot;bad&quot;\n]" time="0.001" /><testcase classname="tests.test_schema_strict_yaml" name="test_duplicate_yaml_key_is_rejected" time="0.001" /><testcase classname="tests.test_schema_strict_yaml" name="test_yaml_merge_cannot_silently_override_a_key" time="0.001" /><testcase classname="tests.test_schema_strict_yaml" name="test_safe_yaml_loader_does_not_construct_python_objects" time="0.001" /><testcase classname="tests.test_scientific_contract_edges" name="test_normalised_observation_invariants_cover_bounds_and_age_contracts" time="0.001" /><testcase classname="tests.test_scientific_contract_edges" name="test_normalised_dataset_lineage_schema_and_writer" time="0.003" /><testcase classname="tests.test_scientific_contract_edges" name="test_invalid_normalisation_manifest_removes_partial_records" time="0.002" /><testcase classname="tests.test_scientific_contract_edges" name="test_stable_random_all_parameter_guards_and_defensive_branches" time="0.001" /><testcase classname="tests.test_scientific_contract_edges" name="test_ledger_distribution_edges_are_aggregated" time="0.001" /><testcase classname="tests.test_scientific_contract_edges" name="test_landscape_file_and_additional_invariants" time="0.005" /><testcase classname="tests.test_scientific_contract_edges" name="test_compatibility_reexports_are_callable" time="0.000" /><testcase classname="tests.test_semantic_release_fixture" name="test_synthetic_machine_and_human_readable_release_stay_in_sync" time="0.003" /><testcase classname="tests.test_semantics" name="test_synthetic_hierarchy_and_mapping_are_valid_and_stable" time="0.009" /><testcase classname="tests.test_semantics" name="test_mapping_release_markdown_is_deterministic_and_preserves_limitations" time="0.001" /><testcase classname="tests.test_semantics" name="test_golden_demonstrator_hierarchies_validate_and_conserve[hierarchy_path0]" time="0.004" /><testcase classname="tests.test_semantics" name="test_golden_demonstrator_hierarchies_validate_and_conserve[hierarchy_path1]" time="0.003" /><testcase classname="tests.test_semantics" name="test_golden_demonstrator_hierarchies_validate_and_conserve[hierarchy_path2]" time="0.003" /><testcase classname="tests.test_semantics" name="test_mutually_exclusive_aggregation_is_explicit_and_schema_valid" time="0.004" /><testcase classname="tests.test_semantics" name="test_partial_aggregation_must_be_requested_and_stays_labelled" time="0.004" /><testcase classname="tests.test_semantics" name="test_nonexclusive_aggregation_fails_closed" time="0.004" /><testcase classname="tests.test_semantics" name="test_hierarchy_rejects_cycles_duplicate_codes_and_missing_contracts" time="0.011" /><testcase classname="tests.test_semantics" name="test_hierarchy_rejects_invalid_counts_and_unknown_identifiers" time="0.004" /><testcase classname="tests.test_semantics" name="test_mapping_set_rejects_ambiguous_exact_mapping" time="0.001" /><testcase classname="tests.test_semantics" name="test_mapping_set_rejects_low_confidence_accepted_exact_mapping" time="0.001" /><testcase classname="tests.test_semantics" name="test_mapping_set_rejects_malformed_unmapped_and_duplicate_rows" time="0.002" /><testcase classname="tests.test_semantics" name="test_hierarchy_rejects_multiple_aggregation_contracts_for_one_parent" time="0.003" /><testcase classname="tests.test_semantics" name="test_mapping_set_diff_is_deterministic_and_reports_impact" time="0.002" /><testcase classname="tests.test_semantics" name="test_mapping_diff_binds_both_release_fingerprints" time="0.003" /><testcase classname="tests.test_stochastic" name="test_pcg32_golden_vector_is_versioned" time="0.000" /><testcase classname="tests.test_stochastic" name="test_distribution_streams_are_reproducible" time="0.001" /><testcase classname="tests.test_stochastic" name="test_beta_sampler_has_plausible_seeded_mean" time="0.167" /><testcase classname="tests.test_stochastic" name="test_invalid_distribution_parameters_fail_closed[uniform-arguments0-lower]" time="0.001" /><testcase classname="tests.test_stochastic" name="test_invalid_distribution_parameters_fail_closed[normal-arguments1-positive]" time="0.000" /><testcase classname="tests.test_stochastic" name="test_invalid_distribution_parameters_fail_closed[lognormal-arguments2-positive]" time="0.000" /><testcase classname="tests.test_stochastic" name="test_invalid_distribution_parameters_fail_closed[gamma-arguments3-positive]" time="0.000" /><testcase classname="tests.test_stochastic" name="test_invalid_distribution_parameters_fail_closed[beta-arguments4-alpha]" time="0.000" /><testcase classname="tests.test_synthetic_operations_receipt" name="test_synthetic_operations_receipt_is_schema_valid_and_non_authorizing" time="0.000" /><testcase classname="tests.test_synthetic_protocol_assets" name="test_protocol_drafts_are_explicitly_non_binding[003-monogenic-diabetes-demonstrator]" time="0.000" /><testcase classname="tests.test_synthetic_protocol_assets" name="test_protocol_drafts_are_explicitly_non_binding[005-economic-social-burden]" time="0.000" /><testcase classname="tests.test_synthetic_protocol_assets" name="test_protocol_drafts_are_explicitly_non_binding[008-semantic-backbone]" time="0.000" /><testcase classname="tests.test_synthetic_protocol_assets" name="test_protocol_drafts_are_explicitly_non_binding[009-evidence-parameter-ledger]" time="0.000" /><testcase classname="tests.test_synthetic_protocol_assets" name="test_protocol_drafts_are_explicitly_non_binding[010-public-burden-engine]" time="0.000" /><testcase classname="tests.test_synthetic_protocol_assets" name="test_protocol_drafts_are_explicitly_non_binding[011-bronchiectasis-demonstrator]" time="0.000" /><testcase classname="tests.test_synthetic_protocol_assets" name="test_protocol_drafts_are_explicitly_non_binding[012-paediatric-burden-demonstrator]" time="0.000" /><testcase classname="tests.test_synthetic_protocol_assets" name="test_synthetic_contract_fixtures_validate[examples/ledger/public-foundation-synthetic.yml-schemas/parameter-ledger.schema.json]" time="0.003" /><testcase classname="tests.test_synthetic_protocol_assets" name="test_synthetic_contract_fixtures_validate[examples/ledger/economic-social-synthetic.yml-schemas/parameter-ledger.schema.json]" time="0.002" /><testcase classname="tests.test_synthetic_protocol_assets" name="test_synthetic_contract_fixtures_validate[examples/analyses/expected-population-synthetic.yml-schemas/analysis-specification.schema.json]" time="0.001" /><testcase classname="tests.test_synthetic_protocol_assets" name="test_synthetic_contract_fixtures_validate[examples/semantics/orpha-to-synthetic-mapping.yml-schemas/ontology-mapping.schema.json]" time="0.001" /><testcase classname="tests.test_synthetic_protocol_assets" name="test_synthetic_contract_fixtures_validate[examples/semantics/rare-within-common-synthetic.yml-schemas/disease-hierarchy.schema.json]" time="0.004" /><testcase classname="tests.test_synthetic_protocol_assets" name="test_synthetic_contract_fixtures_validate[examples/node-input-synthetic.yml-schemas/node-input.schema.json]" time="0.001" /><testcase classname="tests.test_synthetic_protocol_assets" name="test_synthetic_contract_fixtures_validate[examples/node-output-synthetic.yml-schemas/node-output.schema.json]" time="0.001" /><testcase classname="tests.test_synthetic_protocol_assets" name="test_synthetic_contract_fixtures_validate[examples/node-execution-manifest-synthetic.yml-schemas/node-execution-manifest.schema.json]" time="0.001" /><testcase classname="tests.test_synthetic_protocol_assets" name="test_synthetic_contract_fixtures_validate[examples/node-disclosure-policy-synthetic.yml-schemas/node-disclosure-policy.schema.json]" time="0.001" /><testcase classname="tests.test_synthetic_protocol_assets" name="test_all_public_source_synthetic_fixtures_are_present_and_nonempty" time="0.000" /><testcase classname="tests.test_track_002_activation_matrix" name="test_activation_matrix_is_per_row_and_fail_closed" time="0.002" /><testcase classname="tests.test_track_002_activation_matrix" name="test_findings_dispositions_are_bounded" time="0.001" /><testcase classname="tests.test_track_002_bounded_source_disposition" name="test_track_002_owner_disposition_is_bounded_and_non_activating" time="0.000" /><testcase classname="tests.test_track_002_coverage_matrix" name="test_coverage_matrix_is_candidate_bound_and_complete" time="0.002" /><testcase classname="tests.test_track_002_coverage_matrix" name="test_coverage_matrix_prohibits_unbounded_representativeness" time="0.002" /><testcase classname="tests.test_track_002_evidence_request" name="test_track_002_qualifying_evidence_requests_are_explicit_and_fail_closed" time="0.001" /><testcase classname="tests.test_track_002_evidence_request" name="test_track_002_source_packet_checklist_is_fail_closed" time="0.002" /><testcase classname="tests.test_track_002_evidence_request" name="test_every_source_packet_candidate_has_pending_accountable_gates" time="0.002" /><testcase classname="tests.test_track_002_exact_observations" name="test_track_002_observations_are_explicit_and_fail_closed" time="0.002" /><testcase classname="tests.test_track_002_exact_observations" name="test_track_002_unavailable_api_cannot_be_promoted" time="0.002" /><testcase classname="tests.test_track_002_extraction_spec" name="test_extraction_spec_is_candidate_bound_and_inactive" time="0.002" /><testcase classname="tests.test_track_002_extraction_spec" name="test_extraction_spec_has_fail_closed_rules_and_exact_filters" time="0.002" /><testcase classname="tests.test_track_002_extraction_spec" name="test_extraction_and_coverage_rows_have_one_to_one_estimand_identity" time="0.005" /><testcase classname="tests.test_track_002_extraction_spec" name="test_extraction_source_manifest_paths_exist" time="0.003" /><testcase classname="tests.test_track_002_extraction_spec" name="test_extraction_activation_states_are_bounded" time="0.002" /><testcase classname="tests.test_track_002_extraction_spec" name="test_extraction_sources_have_terms_records" time="0.004" /><testcase classname="tests.test_track_002_lawful_archival_policy" name="test_archival_policy_is_maximal_but_fail_closed" time="0.002" /><testcase classname="tests.test_track_002_live_probe" name="test_live_probe_records_four_canonical_sha256_values" time="0.000" /><testcase classname="tests.test_track_002_option_a_scope" name="test_option_a_scope_remains_bounded_and_inactive" time="0.001" /><testcase classname="tests.test_track_002_option_a_scope" name="test_deferred_candidate_manifests_remain_conditional_and_unapproved" time="0.002" /><testcase classname="tests.test_track_002_public_terms_observation" name="test_public_terms_observation_remains_non_activating" time="0.002" /><testcase classname="tests.test_track_002_source_candidates" name="test_exact_candidate_records_are_hash_bound_and_fail_closed" time="0.002" /><testcase classname="tests.test_track_002_terms_matrix" name="test_track_002_terms_matrix_is_complete_and_fail_closed" time="0.002" /><testcase classname="tests.test_track_007_osf_decision" name="test_track_007_osf_decision_is_explicitly_unregistered" time="0.002" /><testcase classname="tests.test_track_007_readiness" name="test_track_007_readiness_packet_is_fail_closed" time="0.002" /><testcase classname="tests.test_track_007_readiness" name="test_track_007_readiness_disables_unqualified_claims" time="0.002" /><testcase classname="tests.test_track_007_staged_plan" name="test_track_007_staged_plan_keeps_external_gates_pending" time="0.001" /><testcase classname="tests.test_track_007_staged_plan" name="test_track_007_plan_disables_unqualified_claims" time="0.001" /><testcase classname="tests.test_track_008_gate_packets" name="test_track_008_source_inventory_is_fail_closed" time="0.002" /><testcase classname="tests.test_track_008_gate_packets" name="test_track_008_panel_packet_preserves_accountable_gate_boundary" time="0.001" /><testcase classname="tests.test_track_016_qualifying_matrix" name="test_track_016_matrix_is_candidate_bound_and_pending" time="0.002" /><testcase classname="tests.test_track_016_qualifying_matrix" name="test_track_016_matrix_requires_independence_or_explicit_fallback" time="0.002" /><testcase classname="tests.test_track_016_synthetic_checklist" name="test_synthetic_checklist_is_non_authorizing_and_has_fail_closed_checks" time="0.002" /><testcase classname="tests.test_track_016_synthetic_checklist" name="test_synthetic_checklist_keeps_external_gates_open" time="0.000" /><testcase classname="tests.test_track_016_synthetic_rehearsal_receipt" name="test_owner_operated_rehearsal_receipt_is_hash_bound_and_non_authorizing" time="0.001" /><testcase classname="tests.test_validation_artifact_provenance" name="test_sync_binds_all_reports_and_exact_commit" time="0.009" /><testcase classname="tests.test_validation_artifact_provenance" name="test_check_fails_closed_when_a_tracked_report_changes" time="0.009" /></testsuite></testsuites>